// Jest Snapshot v1, https://goo.gl/fbAQLP

exports[`tests for Card shallow rendering 1`] = `1`;
